20:29:13  [main] 	Initializing Control Panel
20:29:13  [main] 	Windows Version:  Enterprise  64-bit
20:29:13  [main] 	XAMPP Version: 8.2.4
20:29:13  [main] 	Control Panel Version: 3.3.0  [ Compiled: Apr 6th 2021 ]
20:29:13  [main] 	Running with Administrator rights - good!
20:29:13  [main] 	XAMPP Installation Directory: "c:\xampp\"
20:29:13  [main] 	Checking for prerequisites
20:29:15  [main] 	All prerequisites found
20:29:15  [main] 	Initializing Modules
20:29:15  [Apache] 	XAMPP Apache Service is already running on port 80
20:29:15  [Apache] 	XAMPP Apache Service is already running on port 443
20:29:15  [mysql] 	XAMPP MySQL Service is already running on port 3306
20:29:15  [filezilla] 	XAMPP FileZilla Service is already running on port 21
20:29:15  [filezilla] 	XAMPP FileZilla Service is already running on port 14147
20:29:15  [main] 	Starting Check-Timer
20:29:15  [main] 	Control Panel Ready
20:44:15  [main] 	Deinitializing Modules
20:44:15  [main] 	Deinitializing Control Panel

19:50:03  [main] 	Initializing Control Panel
19:50:03  [main] 	Windows Version:  Enterprise  64-bit
19:50:03  [main] 	XAMPP Version: 8.2.4
19:50:03  [main] 	Control Panel Version: 3.3.0  [ Compiled: Apr 6th 2021 ]
19:50:03  [main] 	Running with Administrator rights - good!
19:50:03  [main] 	XAMPP Installation Directory: "c:\xampp\"
19:50:03  [main] 	Checking for prerequisites
19:50:04  [main] 	All prerequisites found
19:50:04  [main] 	Initializing Modules
19:50:04  [Apache] 	XAMPP Apache Service is already running on port 80
19:50:04  [Apache] 	XAMPP Apache Service is already running on port 443
19:50:04  [mysql] 	XAMPP MySQL Service is already running on port 3306
19:50:04  [filezilla] 	XAMPP FileZilla Service is already running on port 21
19:50:05  [filezilla] 	XAMPP FileZilla Service is already running on port 14147
19:50:05  [main] 	Starting Check-Timer
19:50:05  [main] 	Control Panel Ready
19:50:15  [Apache] 	Attempting to stop Apache service...
19:50:17  [mysql] 	Attempting to stop MySQL service...
19:50:19  [filezilla] 	Attempting to stop FileZilla service...
19:50:19  [mysql] 	Status change detected: stopped
19:50:19  [filezilla] 	Status change detected: stopped
19:50:24  [Apache] 	Attempting to stop Apache service...
19:50:30  [Apache] 	Attempting to stop Apache service...
19:50:32  [mysql] 	Attempting to start MySQL service...
19:50:33  [mysql] 	Status change detected: running
19:50:34  [filezilla] 	Attempting to start FileZilla service...
19:50:35  [filezilla] 	Status change detected: running
19:50:36  [Tomcat] 	Attempting to start Tomcat app...
19:50:46  [Tomcat] 	Tomcat Started/Stopped with errors, return code: 1
19:50:46  [Tomcat] 	Make sure you have Java JDK or JRE installed and the required ports are free
19:50:46  [Tomcat] 	Check the "/xampp/tomcat/logs" folder for more information
19:50:46  [Apache] 	Status change detected: stopped
19:50:50  [Apache] 	Attempting to start Apache service...
19:50:53  [Apache] 	Status change detected: running
00:00:04  [main] 	Deinitializing Modules
00:00:04  [main] 	Deinitializing Control Panel

21:53:14  [main] 	Initializing Control Panel
21:53:14  [main] 	Windows Version:  Enterprise  64-bit
21:53:14  [main] 	XAMPP Version: 8.2.4
21:53:14  [main] 	Control Panel Version: 3.3.0  [ Compiled: Apr 6th 2021 ]
21:53:14  [main] 	Running with Administrator rights - good!
21:53:14  [main] 	XAMPP Installation Directory: "c:\xampp\"
21:53:14  [main] 	Checking for prerequisites
21:53:15  [main] 	All prerequisites found
21:53:15  [main] 	Initializing Modules
21:53:15  [Apache] 	XAMPP Apache Service is already running on port 80
21:53:15  [Apache] 	XAMPP Apache Service is already running on port 443
21:53:15  [mysql] 	XAMPP MySQL Service is already running on port 3306
21:53:15  [filezilla] 	XAMPP FileZilla Service is already running on port 21
21:53:15  [filezilla] 	XAMPP FileZilla Service is already running on port 14147
21:53:15  [main] 	Starting Check-Timer
21:53:15  [main] 	Control Panel Ready
22:16:06  [Apache] 	Attempting to stop Apache service...
22:16:08  [mysql] 	Attempting to stop MySQL service...
22:16:09  [filezilla] 	Attempting to stop FileZilla service...
22:16:10  [mysql] 	Status change detected: stopped
22:16:10  [Apache] 	Status change detected: stopped
22:16:10  [filezilla] 	Status change detected: stopped
22:16:11  [Apache] 	Attempting to start Apache service...
22:16:14  [mysql] 	Attempting to start MySQL service...
22:16:14  [Apache] 	Status change detected: running
22:16:15  [filezilla] 	Attempting to start FileZilla service...
22:16:15  [mysql] 	Status change detected: running
22:16:17  [filezilla] 	Status change detected: running
22:25:24  [Tomcat] 	Attempting to start Tomcat app...
22:25:26  [Tomcat] 	Tomcat Started/Stopped with errors, return code: 1
22:25:26  [Tomcat] 	Make sure you have Java JDK or JRE installed and the required ports are free
22:25:26  [Tomcat] 	Check the "/xampp/tomcat/logs" folder for more information
22:25:31  [Tomcat] 	Installing service...
22:25:32  [Tomcat] 	Service was NOT (un)installed!
22:25:39  [Tomcat] 	Installing service...
22:25:39  [Tomcat] 	Service was NOT (un)installed!
22:25:40  [Tomcat] 	Attempting to start Tomcat app...
22:25:42  [Tomcat] 	Tomcat Started/Stopped with errors, return code: 1
22:25:42  [Tomcat] 	Make sure you have Java JDK or JRE installed and the required ports are free
22:25:42  [Tomcat] 	Check the "/xampp/tomcat/logs" folder for more information
22:46:09  [main] 	Deinitializing Modules
22:46:09  [main] 	Deinitializing Control Panel

